
> pharma-tracker-frontend@0.1.0 build
> next build --turbopack

node.exe : ΓÜá 
Warning: Next.js 
inferred your 
workspace root, but it 
may not be correct.
At C:\Program Files\nod
ejs\npm.ps1:29 char:3
+   & $NODE_EXE 
$NPM_CLI_JS $args
+   ~~~~~~~~~~~~~~~~~~~
~~~~~~~~~~
    + CategoryInfo     
         : NotSpecifi  
  ed: (ΓÜá Warning:    
 Ne...not be correc    
t.:String) [], Rem    
oteException
    + FullyQualifiedEr 
   rorId : NativeComm  
  andError
 
 We detected multiple 
lockfiles and selected 
the directory of C:\Use
rs\KETAN\package-lock.j
son as the root 
directory.
 To silence this 
warning, set 
`turbopack.root` in 
your Next.js config, 
or consider removing 
one of the lockfiles 
if it's not needed.
   See https://nextjs.o
rg/docs/app/api-referen
ce/config/next-config-j
s/turbopack#root-direct
ory for more 
information.
 Detected additional 
lockfiles: 
   * C:\Users\KETAN\Dow
nloads\inventory-manage
ment-system\package-loc
k.json

Γû▓ Next.js 16.1.6 (Turbopack)
- Environments: .env

  Creating an optimized production build ...
Γ£ô Compiled successfully in 9.7s
  Running TypeScript ...
  Collecting page data using 7 workers ...
  Generating static pages using 7 workers (0/12) ...
(node:10084) [DEP0040] 
DeprecationWarning: 
The `punycode` module 
is deprecated. Please 
use a userland 
alternative instead.
(Use `node 
--trace-deprecation 
...` to show where the 
warning was created)
  Generating static pages using 7 workers (3/12) 
  Generating static pages using 7 workers (6/12) 
  Generating static pages using 7 workers (9/12) 
Γ£ô Generating static pages using 7 workers (12/12) in 1101.8ms
  Finalizing page optimization ...

Route (app)
Γöî Γùï /
Γö£ Γùï /_not-found
Γö£ ╞Æ /api/drug-info
Γö£ ╞Æ /api/insights
Γö£ Γùï /auth/login
Γö£ Γùï /auth/signup
Γö£ Γùï /dashboard
Γö£ Γùï /dashboard/consumer
Γö£ Γùï /dashboard/hospital
Γö£ Γùï /dashboard/manufacturer
Γöö ╞Æ /verify/[batchId]


Γùï  (Static)   prerendered as static content
╞Æ  (Dynamic)  server-rendered on demand

